
> cat("Run started:", format(Sys.time(), "%Y-%m-%d %H:%M:%S"), "\n")
Run started: 2026-10-05 22:03:07 

> library(digest); library(fixest); library(plm)

> stopifnot(digest(file = "data/derived/panel_analysis.csv", algo = "sha256") ==
+             "de5b2268e868832710b01c711ae081dc3248d933feab3fef31f9c224f40ec1f6")

> p <- readRDS("data/derived/panel_analysis.rds")

> d <- p[p$core, ]; d <- d[order(d$bank_id, d$year), ]

> # A. Descriptives
> vars <- c("mtb", "ln_mtb", "Lcar", "Lnpl", "Lldr", "Lroa", "Lroe", "Leps", "Lfull", "Lsize")

> desc <- t(sapply(vars, function(v) { x <- d[[v]]
+ c(N = sum(!is.na(x)), Mean = mean(x), SD = sd(x), Min = min(x), Median = median(x), Max = max(x)) }))

> cat("\nDescriptive statistics, core sample\n"); print(round(desc, 3))

Descriptive statistics, core sample
        N    Mean      SD      Min Median      Max
mtb    40   1.017   0.418    0.317  1.011    1.877
ln_mtb 40  -0.075   0.450   -1.148  0.011    0.630
Lcar   40  32.416  51.373    5.760 18.400  321.000
Lnpl   40   5.899   4.782    0.000  4.880   20.000
Lldr   40  87.385  28.565   42.230 79.710  225.000
Lroa   40  -0.198   5.148  -17.929  1.215    4.710
Lroe   40   6.152  17.288  -39.364  9.303   26.039
Leps   40 162.434 316.035 -319.000 42.500 1286.540
Lfull  40   0.850   0.362    0.000  1.000    1.000
Lsize  40  27.378   2.240   24.119 26.274   30.446

> write.csv(round(desc, 6), "output/tables/T1_descriptives.csv")

> xts <- t(sapply(vars[-1], function(v) { x <- d[[v]]; bm <- tapply(x, d$bank_id, mean)
+ c(Overall_SD = sd(x), Between_SD = sd(bm), Within_SD = sd(x - bm[d$bank_id] + mean(x))) }))

> cat("\nBetween / within variation\n"); print(round(xts, 4))

Between / within variation
       Overall_SD Between_SD Within_SD
ln_mtb     0.4500     0.3362    0.3208
Lcar      51.3730    29.8160   43.0605
Lnpl       4.7823     3.7392    3.4433
Lldr      28.5653    17.1097   23.6506
Lroa       5.1481     3.9390    3.5069
Lroe      17.2878    13.5626   11.7542
Leps     316.0348   251.6490  209.0687
Lfull      0.3616     0.1586    0.3327
Lsize      2.2397     2.3511    0.3435

> write.csv(round(xts, 6), "output/tables/T1b_between_within.csv")

> cv <- vars[-1]

> cat("\nCorrelations (pooled)\n"); print(round(cor(d[, cv]), 3))

Correlations (pooled)
       ln_mtb   Lcar   Lnpl   Lldr   Lroa   Lroe   Leps  Lfull  Lsize
ln_mtb  1.000  0.257 -0.456  0.472 -0.431 -0.336  0.045  0.076 -0.268
Lcar    0.257  1.000 -0.378  0.001 -0.371 -0.254 -0.136  0.117 -0.377
Lnpl   -0.456 -0.378  1.000 -0.278  0.153 -0.182 -0.255 -0.244  0.018
Lldr    0.472  0.001 -0.278  1.000 -0.751 -0.499 -0.161 -0.050 -0.366
Lroa   -0.431 -0.371  0.153 -0.751  1.000  0.830  0.512  0.007  0.676
Lroe   -0.336 -0.254 -0.182 -0.499  0.830  1.000  0.673  0.142  0.732
Leps    0.045 -0.136 -0.255 -0.161  0.512  0.673  1.000  0.157  0.561
Lfull   0.076  0.117 -0.244 -0.050  0.007  0.142  0.157  1.000  0.333
Lsize  -0.268 -0.377  0.018 -0.366  0.676  0.732  0.561  0.333  1.000

> dm <- sapply(cv, function(v) d[[v]] - ave(d[[v]], d$bank_id))

> cat("\nCorrelations (within-bank)\n"); print(round(cor(dm), 3))

Correlations (within-bank)
       ln_mtb   Lcar   Lnpl   Lldr   Lroa   Lroe   Leps  Lfull  Lsize
ln_mtb  1.000 -0.097 -0.100  0.274 -0.198 -0.182 -0.050  0.135  0.111
Lcar   -0.097  1.000 -0.109 -0.414 -0.008  0.064  0.040  0.208 -0.313
Lnpl   -0.100 -0.109  1.000  0.011 -0.254 -0.619 -0.435 -0.219 -0.406
Lldr    0.274 -0.414  0.011  1.000 -0.648 -0.288  0.067  0.017 -0.093
Lroa   -0.198 -0.008 -0.254 -0.648  1.000  0.711  0.330 -0.234  0.631
Lroe   -0.182  0.064 -0.619 -0.288  0.711  1.000  0.585 -0.129  0.540
Leps   -0.050  0.040 -0.435  0.067  0.330  0.585  1.000 -0.045  0.602
Lfull   0.135  0.208 -0.219  0.017 -0.234 -0.129 -0.045  1.000 -0.079
Lsize   0.111 -0.313 -0.406 -0.093  0.631  0.540  0.602 -0.079  1.000

> write.csv(round(cor(dm), 6), "output/tables/T1c_within_correlations.csv")

> shares <- sapply(c("car", "npl", "roa", "roe", "eps"), function(v) {
+   sq <- p[[paste0("d_", v)]]^2; tapply(sq, p$bank_id, sum, na.rm = TRUE) / sum(sq, na.rm = TRUE) })

> cat("\nWithin-bank variance shares by bank\n"); print(round(shares, 3))

Within-bank variance shares by bank
      car   npl   roa   roe   eps
B01 0.000 0.326 0.017 0.087 0.023
B02 0.001 0.025 0.021 0.048 0.772
B03 0.001 0.308 0.020 0.081 0.003
B05 0.002 0.328 0.062 0.571 0.196
B06 0.995 0.012 0.880 0.213 0.006

> write.csv(round(shares, 6), "output/tables/T1d_variance_shares.csv")

> # B. Multicollinearity (Eq. 3 regressors, with bank and year dummies)
> xv <- c("Lcar", "Lnpl", "Lroa", "Lroe", "Leps", "Lfull")

> vif <- sapply(xv, function(v) {
+   f <- as.formula(paste(v, "~", paste(setdiff(xv, v), collapse = " + "), "+ factor(bank_id) + factor(year)"))
+   1 / (1 - summary(lm(f, data = d))$r.squared) })

> cat("\nVariance inflation factors, Eq. 3\n"); print(round(vif, 2))

Variance inflation factors, Eq. 3
 Lcar  Lnpl  Lroa  Lroe  Leps Lfull 
 2.52  6.09  8.07 11.74  6.19  2.27 

> # C. Residual diagnostics on Eq. 3 (two-way fixed effects)
> m <- feols(as.formula(paste("ln_mtb ~", paste(xv, collapse = " + "), "| bank_id + year")), data = d)

> e <- resid(m)

> # Modified Wald test for groupwise heteroskedasticity (Greene 2000)
> s2i <- tapply(e^2, d$bank_id, mean); Ti <- tapply(e, d$bank_id, length)

> Vi  <- tapply(e^2, d$bank_id, function(z) sum((z - mean(z))^2)) / (Ti * (Ti - 1))

> W   <- sum((s2i - mean(e^2))^2 / Vi)

> # Pesaran (2004) CD test for cross-sectional dependence (pairwise correlations, unbalanced panel)
> M <- tapply(e, list(d$year, d$bank_id), sum); N <- ncol(M); s <- 0; sa <- 0; k <- 0

> for (i in 1:(N - 1)) for (j in (i + 1):N) {
+   ok <- !is.na(M[, i]) & !is.na(M[, j]); rho <- cor(M[ok, i], M[ok, j])
+   s <- s + sqrt(sum(ok)) * rho; sa <- sa + abs(rho); k <- k + 1 }

> CD <- sqrt(2 / (N * (N - 1))) * s

> # Wooldridge (2002) test for first-order serial correlation (Drukker 2003 implementation)
> full <- p[order(p$bank_id, p$year), ]

> for (yr in 2018:2025) full[[paste0("yr", yr)]] <- as.numeric(full$year == yr)

> vv <- c("ln_mtb", xv, paste0("yr", 2018:2025))

> D <- full[, c("bank_id", "year", "core")]

> for (v in vv) D[[v]] <- full[[v]] - ave(full[[v]], full$bank_id, FUN = function(z) c(NA, head(z, -1)))

> D <- D[D$core & complete.cases(D[, vv]), ]

> X <- as.matrix(D[, setdiff(vv, "ln_mtb")]); D$u <- as.vector(D$ln_mtb - X %*% qr.solve(X, D$ln_mtb))

> D$ul <- ave(D$u, D$bank_id, FUN = function(z) c(NA, head(z, -1)))

> D$yl <- ave(D$year, D$bank_id, FUN = function(z) c(NA, head(z, -1)))

> D$ul[!is.na(D$yl) & D$year - D$yl != 1] <- NA

> E <- D[!is.na(D$ul), ]; rho1 <- sum(E$ul * E$u) / sum(E$ul^2); r <- E$u - rho1 * E$ul

> G <- length(unique(E$bank_id)); n <- nrow(E)

> meat <- sum(tapply(E$ul * r, E$bank_id, sum)^2)

> V <- (G / (G - 1)) * ((n - 1) / (n - 1)) * meat / sum(E$ul^2)^2

> Fw <- (rho1 + 0.5)^2 / V

> diag_tab <- data.frame(
+   Test = c("Modified Wald (groupwise heteroskedasticity)", "Pesaran CD (cross-sectional dependence)",
+            "Wooldridge (first-order serial correlation)"),
+   Statistic = c(sprintf("chi2(%d) = %.2f", N, W), sprintf("CD = %.3f; mean |rho| = %.3f", CD, sa / k),
+                 sprintf("F(1,%d) = %.3f", G - 1, Fw)),
+   p = c(pchisq(W, N, lower.tail = FALSE), 2 * pnorm(-abs(CD)), pf(Fw, 1, G - 1, lower.tail = FALSE)))

> cat("\nResidual diagnostics, Eq. 3\n"); print(diag_tab, row.names = FALSE)

Residual diagnostics, Eq. 3
                                         Test                       Statistic            p
 Modified Wald (groupwise heteroskedasticity)                chi2(5) = 359.53 1.551375e-75
      Pesaran CD (cross-sectional dependence) CD = -1.611; mean |rho| = 0.448 1.072271e-01
  Wooldridge (first-order serial correlation)                  F(1,4) = 0.648 4.660290e-01

> # D. Hausman test (Amemiya variance components; Swamy-Arora not estimable with five banks)
> pd <- pdata.frame(d, index = c("bank_id", "year"))

> fh <- as.formula(paste("ln_mtb ~", paste(xv, collapse = " + "), "+ factor(year)"))

> hz <- tryCatch(phtest(plm(fh, data = pd, model = "within"),
+                       plm(fh, data = pd, model = "random", random.method = "amemiya")),
+                error = function(err) { cat("Hausman not computable:", conditionMessage(err), "\n"); NULL })

> cat("\nHausman test, fixed vs random effects\n"); if (!is.null(hz)) print(hz)

Hausman test, fixed vs random effects

	Hausman Test

data:  fh
chisq = 3.3143, df = 14, p-value = 0.9984
alternative hypothesis: one model is inconsistent


> diag_tab <- rbind(diag_tab, data.frame(Test = "Hausman (FE vs RE, Amemiya)",
+                                        Statistic = if (is.null(hz)) "not computable" else sprintf("chi2(%d) = %.2f", hz$parameter, hz$statistic),
+                                        p = if (is.null(hz)) NA else hz$p.value))

> write.csv(diag_tab, "output/tables/T2_diagnostics.csv", row.names = FALSE)

> cat("Run finished:", format(Sys.time(), "%Y-%m-%d %H:%M:%S"), "\n")
Run finished: 2026-10-05 22:03:07 

> sink()
