
> cat("Run started:", format(Sys.time(), "%Y-%m-%d %H:%M:%S"), "\n")
Run started: 2026-10-05 22:09:37 

> library(digest); library(fixest); library(clubSandwich)

> source("R/wcb_functions.R")

> stopifnot(digest(file = "data/derived/panel_analysis.csv", algo = "sha256") ==
+             "de5b2268e868832710b01c711ae081dc3248d933feab3fef31f9c224f40ec1f6")

> p <- readRDS("data/derived/panel_analysis.rds")

> d <- p[p$core, ]; d <- d[order(d$bank_id, d$year), ]

> B <- 9999; SEED <- 20261004

> banknames <- c(B01 = "CRDB", B02 = "NMB", B03 = "DCB", B05 = "Mkombozi", B06 = "Mwalimu")

> # --- Helpers ---
> buildcw <- function(dd) {                                   # rebuild v2 scaling on a (sub)sample
+   for (v in c("car", "npl", "ldr", "roa", "roe", "eps", "full")) {
+     x <- dd[[paste0("L", v)]]; dv <- x - ave(x, dd$bank_id); dd[[paste0("cw_", v)]] <- dv / sd(dv) }
+   dd$cw_negnpl <- -dd$cw_npl
+   b <- (dd$cw_car + dd$cw_negnpl) / 2; f <- (dd$cw_roa + dd$cw_roe + dd$cw_eps) / 3
+   dd$cwbsi <- b / sd(b); dd$cwfpi <- f / sd(f); dd$cwfull <- dd$cw_full
+   dd
+ }

> prep <- function(dd) { dd$bank_id <- droplevels(factor(dd$bank_id)); dd$year_f <- droplevels(factor(dd$year)); dd }

> fitm <- function(dd, x) feols(as.formula(paste("ln_mtb ~", paste(x, collapse = " + "), "+ year_f | bank_id")),
+                               data = dd, cluster = ~bank_id)

> rowc <- function(block, model, m, dd, term)
+   data.frame(Block = block, Model = model, Term = term, Coef = unname(coef(m)[term]),
+              p_wcb = unname(wcb_test(m, dd, list(setNames(1, term)), B = B, seed = SEED)["p"]),
+              N = nobs(m), row.names = NULL)

> rowt <- function(block, model, m, dd, label, rows)
+   data.frame(Block = block, Model = model, Term = label, Coef = NA,
+              p_wcb = unname(wcb_test(m, dd, rows, B = B, seed = SEED)["p"]), N = nobs(m), row.names = NULL)

> H2a <- list(c(cw_car = 1, cw_negnpl = -1))

> H2b <- list(c(cw_roa = 1, cw_roe = -1), c(cw_roa = 1, cw_eps = -1))

> H2c <- list(c(cwbsi = 1, cwfpi = -1), c(cwbsi = 1, cwfull = -1))

> runset <- function(dd, block, ctrl = character(0)) {        # Eq. 3 and Eqs. 4-6 with H2 tests
+   dd <- prep(dd); out <- list()
+   m3 <- fitm(dd, c("Lcar", "Lnpl", "Lroa", "Lroe", "Leps", "Lfull", ctrl))
+   for (v in c("Lcar", "Lnpl", "Lroa", "Lroe", "Leps", "Lfull")) out[[length(out) + 1]] <- rowc(block, "Eq3", m3, dd, v)
+   m4 <- fitm(dd, c("cw_car", "cw_negnpl", "Lfull", ctrl))
+   for (v in c("cw_car", "cw_negnpl")) out[[length(out) + 1]] <- rowc(block, "Eq4", m4, dd, v)
+   out[[length(out) + 1]] <- rowt(block, "Eq4", m4, dd, "H2a: CAR = -NPL", H2a)
+   m5 <- fitm(dd, c("cw_roa", "cw_roe", "cw_eps", "Lfull", ctrl))
+   for (v in c("cw_roa", "cw_roe", "cw_eps")) out[[length(out) + 1]] <- rowc(block, "Eq5", m5, dd, v)
+   out[[length(out) + 1]] <- rowt(block, "Eq5", m5, dd, "H2b joint", H2b)
+   m6 <- fitm(dd, c("cwbsi", "cwfpi", "cwfull", ctrl))
+   for (v in c("cwbsi", "cwfpi", "cwfull")) out[[length(out) + 1]] <- rowc(block, "Eq6", m6, dd, v)
+   out[[length(out) + 1]] <- rowt(block, "Eq6", m6, dd, "H2c joint", H2c)
+   do.call(rbind, out)
+ }

> show <- function(x) print(format(x, digits = 4), row.names = FALSE)

> # Consistency: rebuilding the scaling on the full core sample reproduces the stored variables
> dchk <- buildcw(d)

> stopifnot(max(abs(dchk$cw_car - d$cw_car)) < 1e-12, max(abs(dchk$cwbsi - d$cwbsi)) < 1e-12)

> cat("Scaling rebuild reproduces stored variables.\n")
Scaling rebuild reproduces stored variables.

> res <- list()

> cat("\n######## Main specification (reference) ########\n");  res$main  <- runset(d, "Main");                   show(res$main)

######## Main specification (reference) ########
 Block Model            Term       Coef  p_wcb  N
  Main   Eq3            Lcar -0.0010832 0.4683 40
  Main   Eq3            Lnpl -0.0308680 0.0190 40
  Main   Eq3            Lroa -0.0291470 0.6209 40
  Main   Eq3            Lroe -0.0108972 0.2689 40
  Main   Eq3            Leps -0.0003028 0.7264 40
  Main   Eq3           Lfull -0.2417316 0.4352 40
  Main   Eq4          cw_car -0.0899783 0.2350 40
  Main   Eq4       cw_negnpl  0.0616490 0.3898 40
  Main   Eq4 H2a: CAR = -NPL         NA 0.1891 40
  Main   Eq5          cw_roa -0.1531498 0.4046 40
  Main   Eq5          cw_roe -0.0512416 0.5593 40
  Main   Eq5          cw_eps -0.0945878 0.4626 40
  Main   Eq5       H2b joint         NA 0.6946 40
  Main   Eq6           cwbsi  0.0327907 0.8659 40
  Main   Eq6           cwfpi -0.2604471 0.1950 40
  Main   Eq6          cwfull -0.0705078 0.4863 40
  Main   Eq6       H2c joint         NA 0.1687 40

> cat("\n######## R1: Size added ########\n");                  res$size  <- runset(d, "Size added", "Lsize");   show(res$size)

######## R1: Size added ########
      Block Model            Term       Coef   p_wcb  N
 Size added   Eq3            Lcar -0.0011175 0.08921 40
 Size added   Eq3            Lnpl -0.0350537 0.01510 40
 Size added   Eq3            Lroa -0.0746933 0.05941 40
 Size added   Eq3            Lroe -0.0023006 0.82308 40
 Size added   Eq3            Leps -0.0004498 0.37844 40
 Size added   Eq3           Lfull -0.1736702 0.54105 40
 Size added   Eq4          cw_car -0.0991529 0.26753 40
 Size added   Eq4       cw_negnpl  0.0982107 0.06941 40
 Size added   Eq4 H2a: CAR = -NPL         NA 0.04990 40
 Size added   Eq5          cw_roa -0.3133535 0.13991 40
 Size added   Eq5          cw_roe  0.0576427 0.59906 40
 Size added   Eq5          cw_eps -0.1266716 0.44934 40
 Size added   Eq5       H2b joint         NA 0.21492 40
 Size added   Eq6           cwbsi  0.0603590 0.64256 40
 Size added   Eq6           cwfpi -0.2995152 0.14061 40
 Size added   Eq6          cwfull -0.0537392 0.50365 40
 Size added   Eq6       H2c joint         NA 0.12241 40

> cat("\n######## R2: LDR added ########\n")

######## R2: LDR added ########

> dl <- prep(d); out <- list()

> m <- fitm(dl, c("Lcar", "Lnpl", "Lldr", "Lroa", "Lroe", "Leps", "Lfull"))

> for (v in c("Lcar", "Lnpl", "Lldr", "Lroa", "Lroe", "Leps", "Lfull")) out[[length(out) + 1]] <- rowc("LDR added", "Eq3", m, dl, v)

> m <- fitm(dl, c("cw_car", "cw_negnpl", "cw_ldr", "Lfull"))

> for (v in c("cw_car", "cw_negnpl", "cw_ldr")) out[[length(out) + 1]] <- rowc("LDR added", "Eq4", m, dl, v)

> out[[length(out) + 1]] <- rowt("LDR added", "Eq4", m, dl, "H2a: CAR = -NPL", H2a)

> res$ldr <- do.call(rbind, out); show(res$ldr)
     Block Model            Term       Coef    p_wcb  N
 LDR added   Eq3            Lcar  0.0004213 0.844584 40
 LDR added   Eq3            Lnpl -0.0340150 0.006101 40
 LDR added   Eq3            Lldr  0.0065669 0.383238 40
 LDR added   Eq3            Lroa  0.0150209 0.899590 40
 LDR added   Eq3            Lroe -0.0139764 0.031403 40
 LDR added   Eq3            Leps -0.0004391 0.728973 40
 LDR added   Eq3           Lfull -0.2102670 0.379438 40
 LDR added   Eq4          cw_car -0.0380894 0.576558 40
 LDR added   Eq4       cw_negnpl  0.0477490 0.548055 40
 LDR added   Eq4          cw_ldr  0.1110354 0.394139 40
 LDR added   Eq4 H2a: CAR = -NPL         NA 0.471747 40

> cat("\n######## R3: Residualized performance ########\n")

######## R3: Residualized performance ########

> dr <- prep(d); out <- list()

> for (k in c("roa", "roe", "eps")) {
+   o <- setdiff(c("roa", "roe", "eps"), k)
+   r <- resid(lm(as.formula(paste0("cw_", k, " ~ cw_", o[1], " + cw_", o[2], " + bank_id")), data = dr))
+   dr[[paste0("r_", k)]] <- r / sd(r)
+ }

> for (k in c("r_roa", "r_roe", "r_eps")) { m <- fitm(dr, c(k, "Lfull")); out[[length(out) + 1]] <- rowc("Residualized", paste(k, "alone"), m, dr, k) }

> m <- fitm(dr, c("r_roa", "r_roe", "r_eps", "Lfull"))

> for (k in c("r_roa", "r_roe", "r_eps")) out[[length(out) + 1]] <- rowc("Residualized", "Joint", m, dr, k)

> out[[length(out) + 1]] <- rowt("Residualized", "Joint", m, dr, "rROA = rROE = rEPS",
+                                list(c(r_roa = 1, r_roe = -1), c(r_roa = 1, r_eps = -1)))

> res$resid <- do.call(rbind, out); show(res$resid)
        Block       Model               Term      Coef  p_wcb  N
 Residualized r_roa alone              r_roa -0.047257 0.7636 40
 Residualized r_roe alone              r_roe -0.004116 0.9414 40
 Residualized r_eps alone              r_eps -0.013626 0.8526 40
 Residualized       Joint              r_roa -0.317371 0.2941 40
 Residualized       Joint              r_roe -0.360738 0.1059 40
 Residualized       Joint              r_eps -0.218435 0.2419 40
 Residualized       Joint rROA = rROE = rEPS        NA 0.2308 40

> cat("\n######## R4: Winsorized signals (5/95) ########\n")

######## R4: Winsorized signals (5/95) ########

> dw <- prep(d); m <- fitm(dw, c("Wcar", "Wnpl", "Wroa", "Wroe", "Weps", "Lfull"))

> res$wins <- do.call(rbind, lapply(c("Wcar", "Wnpl", "Wroa", "Wroe", "Weps", "Lfull"), function(v) rowc("Winsorized", "Eq3", m, dw, v)))

> show(res$wins)
      Block Model  Term       Coef  p_wcb  N
 Winsorized   Eq3  Wcar -8.520e-03 0.1903 40
 Winsorized   Eq3  Wnpl -4.492e-02 0.0149 40
 Winsorized   Eq3  Wroa -5.943e-02 0.3806 40
 Winsorized   Eq3  Wroe -8.013e-03 0.6640 40
 Winsorized   Eq3  Weps -9.496e-05 0.9381 40
 Winsorized   Eq3 Lfull -1.991e-01 0.4729 40

> cat("\n######## R5: Stale-price observations excluded ########\n")

######## R5: Stale-price observations excluded ########

> res$stale <- runset(buildcw(d[!d$stale, ]), "Stale excluded"); show(res$stale)
          Block Model            Term       Coef   p_wcb  N
 Stale excluded   Eq3            Lcar -0.0412180 0.16402 31
 Stale excluded   Eq3            Lnpl -0.0390846 0.05821 31
 Stale excluded   Eq3            Lroa -0.2182392 0.16452 31
 Stale excluded   Eq3            Lroe  0.0056069 0.79608 31
 Stale excluded   Eq3            Leps  0.0004333 0.47865 31
 Stale excluded   Eq3           Lfull -0.0367905 0.90159 31
 Stale excluded   Eq4          cw_car -0.0087966 0.85539 31
 Stale excluded   Eq4       cw_negnpl  0.0175883 0.68007 31
 Stale excluded   Eq4 H2a: CAR = -NPL         NA 0.04600 31
 Stale excluded   Eq5          cw_roa -0.0466399 0.60666 31
 Stale excluded   Eq5          cw_roe -0.1126284 0.59256 31
 Stale excluded   Eq5          cw_eps -0.0162444 0.87509 31
 Stale excluded   Eq5       H2b joint         NA 0.79208 31
 Stale excluded   Eq6           cwbsi -0.0020699 0.93489 31
 Stale excluded   Eq6           cwfpi -0.1615965 0.35134 31
 Stale excluded   Eq6          cwfull -0.0010604 0.99350 31
 Stale excluded   Eq6       H2c joint         NA 0.39574 31

> cat("\n######## R6: Eq. 5 augmented with banking-risk signals ########\n")

######## R6: Eq. 5 augmented with banking-risk signals ########

> da <- prep(d); out <- list()

> m <- fitm(da, c("cw_roa", "cw_roe", "cw_eps", "cw_car", "cw_negnpl", "Lfull"))

> for (v in c("cw_roa", "cw_roe", "cw_eps", "cw_car", "cw_negnpl")) out[[length(out) + 1]] <- rowc("Eq5 augmented", "Eq5+", m, da, v)

> out[[length(out) + 1]] <- rowt("Eq5 augmented", "Eq5+", m, da, "H2b joint", H2b)

> out[[length(out) + 1]] <- rowt("Eq5 augmented", "Eq5+", m, da, "H2a: CAR = -NPL", H2a)

> res$aug <- do.call(rbind, out); show(res$aug)
         Block Model            Term     Coef  p_wcb  N
 Eq5 augmented  Eq5+          cw_roa -0.10221 0.6209 40
 Eq5 augmented  Eq5+          cw_roe -0.12809 0.2694 40
 Eq5 augmented  Eq5+          cw_eps -0.06331 0.7259 40
 Eq5 augmented  Eq5+          cw_car -0.04664 0.4683 40
 Eq5 augmented  Eq5+       cw_negnpl  0.10629 0.0191 40
 Eq5 augmented  Eq5+       H2b joint       NA 0.7285 40
 Eq5 augmented  Eq5+ H2a: CAR = -NPL       NA 0.0413 40

> cat("\n######## R7: Leave-one-bank-out (scaling rebuilt; 4 clusters) ########\n")

######## R7: Leave-one-bank-out (scaling rebuilt; 4 clusters) ########

> lobo <- list()

> for (b in names(banknames)) {
+   lab <- paste("Drop", banknames[b]); cat("\n---", lab, "---\n")
+   lobo[[b]] <- runset(buildcw(d[d$bank_id != b, ]), lab); show(lobo[[b]])
+ }

--- Drop CRDB ---
     Block Model            Term       Coef   p_wcb  N
 Drop CRDB   Eq3            Lcar -0.0024829 0.09621 31
 Drop CRDB   Eq3            Lnpl -0.0271579 0.03840 31
 Drop CRDB   Eq3            Lroa  0.0169016 0.58006 31
 Drop CRDB   Eq3            Lroe -0.0136416 0.05591 31
 Drop CRDB   Eq3            Leps  0.0003664 0.17312 31
 Drop CRDB   Eq3           Lfull  0.0096489 0.93369 31
 Drop CRDB   Eq4          cw_car -0.1132273 0.09301 31
 Drop CRDB   Eq4       cw_negnpl  0.0118210 0.75148 31
 Drop CRDB   Eq4 H2a: CAR = -NPL         NA 0.06881 31
 Drop CRDB   Eq5          cw_roa -0.0242972 0.86109 31
 Drop CRDB   Eq5          cw_roe -0.1237790 0.14761 31
 Drop CRDB   Eq5          cw_eps  0.0068759 0.92079 31
 Drop CRDB   Eq5       H2b joint         NA 0.19082 31
 Drop CRDB   Eq6           cwbsi -0.0607393 0.33923 31
 Drop CRDB   Eq6           cwfpi -0.0924456 0.62936 31
 Drop CRDB   Eq6          cwfull  0.0107271 0.84608 31
 Drop CRDB   Eq6       H2c joint         NA 0.11621 31

--- Drop NMB ---
    Block Model            Term       Coef   p_wcb  N
 Drop NMB   Eq3            Lcar -0.0004711 0.60226 31
 Drop NMB   Eq3            Lnpl -0.0283818 0.06201 31
 Drop NMB   Eq3            Lroa -0.0404114 0.71747 31
 Drop NMB   Eq3            Lroe -0.0070927 0.74027 31
 Drop NMB   Eq3            Leps -0.0009171 0.73087 31
 Drop NMB   Eq3           Lfull -0.3029020 0.31843 31
 Drop NMB   Eq4          cw_car -0.0765144 0.13551 31
 Drop NMB   Eq4       cw_negnpl  0.0519784 0.32473 31
 Drop NMB   Eq4 H2a: CAR = -NPL         NA 0.27083 31
 Drop NMB   Eq5          cw_roa -0.2018762 0.67437 31
 Drop NMB   Eq5          cw_roe -0.0186508 0.93279 31
 Drop NMB   Eq5          cw_eps -0.1064884 0.75678 31
 Drop NMB   Eq5       H2b joint         NA 0.79568 31
 Drop NMB   Eq6           cwbsi  0.0655357 0.56546 31
 Drop NMB   Eq6           cwfpi -0.2971044 0.03990 31
 Drop NMB   Eq6          cwfull -0.0928995 0.33663 31
 Drop NMB   Eq6       H2c joint         NA 0.14491 31

--- Drop DCB ---
    Block Model            Term       Coef   p_wcb  N
 Drop DCB   Eq3            Lcar -0.0011282 0.46695 34
 Drop DCB   Eq3            Lnpl -0.0468934 0.08661 34
 Drop DCB   Eq3            Lroa -0.0227871 0.67857 34
 Drop DCB   Eq3            Lroe -0.0145605 0.11591 34
 Drop DCB   Eq3            Leps -0.0004267 0.65357 34
 Drop DCB   Eq3           Lfull -0.1051736 0.51435 34
 Drop DCB   Eq4          cw_car -0.1000718 0.36124 34
 Drop DCB   Eq4       cw_negnpl  0.0686296 0.44434 34
 Drop DCB   Eq4 H2a: CAR = -NPL         NA 0.32233 34
 Drop DCB   Eq5          cw_roa -0.1683182 0.41384 34
 Drop DCB   Eq5          cw_roe -0.0365072 0.58586 34
 Drop DCB   Eq5          cw_eps -0.1236200 0.48865 34
 Drop DCB   Eq5       H2b joint         NA 0.92869 34
 Drop DCB   Eq6           cwbsi  0.0523497 0.81158 34
 Drop DCB   Eq6           cwfpi -0.3044785 0.46065 34
 Drop DCB   Eq6          cwfull -0.0408556 0.46175 34
 Drop DCB   Eq6       H2c joint         NA 0.45175 34

--- Drop Mkombozi ---
         Block Model            Term       Coef   p_wcb  N
 Drop Mkombozi   Eq3            Lcar -1.009e-03 0.06031 33
 Drop Mkombozi   Eq3            Lnpl -3.226e-02 0.05371 33
 Drop Mkombozi   Eq3            Lroa -6.305e-02 0.42424 33
 Drop Mkombozi   Eq3            Lroe  1.406e-06 0.99960 33
 Drop Mkombozi   Eq3            Leps -4.818e-04 0.47165 33
 Drop Mkombozi   Eq3           Lfull -4.418e-01 0.15102 33
 Drop Mkombozi   Eq4          cw_car -1.381e-01 0.05661 33
 Drop Mkombozi   Eq4       cw_negnpl  1.715e-01 0.05291 33
 Drop Mkombozi   Eq4 H2a: CAR = -NPL         NA 0.05001 33
 Drop Mkombozi   Eq5          cw_roa -2.847e-01 0.25023 33
 Drop Mkombozi   Eq5          cw_roe  4.080e-02 0.71687 33
 Drop Mkombozi   Eq5          cw_eps -1.369e-01 0.59856 33
 Drop Mkombozi   Eq5       H2b joint         NA 0.33963 33
 Drop Mkombozi   Eq6           cwbsi  6.487e-02 0.61826 33
 Drop Mkombozi   Eq6           cwfpi -3.446e-01 0.05261 33
 Drop Mkombozi   Eq6          cwfull -1.310e-01 0.09841 33
 Drop Mkombozi   Eq6       H2c joint         NA 0.44554 33

--- Drop Mwalimu ---
        Block Model            Term       Coef   p_wcb  N
 Drop Mwalimu   Eq3            Lcar -0.0857039 0.18182 31
 Drop Mwalimu   Eq3            Lnpl -0.0715600 0.08221 31
 Drop Mwalimu   Eq3            Lroa  0.1406426 0.38054 31
 Drop Mwalimu   Eq3            Lroe -0.0259977 0.38764 31
 Drop Mwalimu   Eq3            Leps  0.0003182 0.61556 31
 Drop Mwalimu   Eq3           Lfull -0.2974022 0.32203 31
 Drop Mwalimu   Eq4          cw_car -0.2135653 0.13981 31
 Drop Mwalimu   Eq4       cw_negnpl  0.1441833 0.18712 31
 Drop Mwalimu   Eq4 H2a: CAR = -NPL         NA 0.17332 31
 Drop Mwalimu   Eq5          cw_roa -0.1884687 0.73527 31
 Drop Mwalimu   Eq5          cw_roe  0.0636019 0.76188 31
 Drop Mwalimu   Eq5          cw_eps -0.0892290 0.68097 31
 Drop Mwalimu   Eq5       H2b joint         NA 0.92869 31
 Drop Mwalimu   Eq6           cwbsi  0.0138522 0.93789 31
 Drop Mwalimu   Eq6           cwfpi -0.1861297 0.42344 31
 Drop Mwalimu   Eq6          cwfull -0.0389900 0.76858 31
 Drop Mwalimu   Eq6       H2c joint         NA 0.50725 31

> res$lobo <- do.call(rbind, lobo)

> cat("\n######## R8: Dominant-bank exclusions (from R7) ########\n")

######## R8: Dominant-bank exclusions (from R7) ########

> pick <- function(tab, model, term) tab[tab$Model == model & tab$Term == term, c("Coef", "p_wcb", "N")]

> dom <- function(signal, model, term, b, h2) {
+   f <- pick(res$main, model, term); x <- pick(lobo[[b]], model, term)
+   data.frame(Signal = signal, Excluded = banknames[b], N = x$N, Coef_full = f$Coef, p_full = f$p_wcb,
+              Coef_excl = x$Coef, p_excl = x$p_wcb,
+              H2_test = h2, H2_p_full = pick(res$main, model, h2)$p_wcb, H2_p_excl = pick(lobo[[b]], model, h2)$p_wcb,
+              H2_conclusion_changes = (pick(res$main, model, h2)$p_wcb < .05) != (pick(lobo[[b]], model, h2)$p_wcb < .05),
+              row.names = NULL)
+ }

> domtab <- rbind(dom("CAR", "Eq4", "cw_car", "B06", "H2a: CAR = -NPL"),
+                 dom("ROA", "Eq5", "cw_roa", "B06", "H2b joint"),
+                 dom("ROE", "Eq5", "cw_roe", "B05", "H2b joint"),
+                 dom("EPS", "Eq5", "cw_eps", "B02", "H2b joint"))

> nplt <- do.call(rbind, lapply(names(banknames), function(b) dom("NPL", "Eq4", "cw_negnpl", b, "H2a: CAR = -NPL")))

> cat("\nDominant-bank exclusions:\n"); show(domtab)

Dominant-bank exclusions:
 Signal Excluded  N Coef_full p_full Coef_excl p_excl         H2_test H2_p_full H2_p_excl H2_conclusion_changes
    CAR  Mwalimu 31  -0.08998 0.2350   -0.2136 0.1398 H2a: CAR = -NPL    0.1891    0.1733                 FALSE
    ROA  Mwalimu 31  -0.15315 0.4046   -0.1885 0.7353       H2b joint    0.6946    0.9287                 FALSE
    ROE Mkombozi 33  -0.05124 0.5593    0.0408 0.7169       H2b joint    0.6946    0.3396                 FALSE
    EPS      NMB 31  -0.09459 0.4626   -0.1065 0.7568       H2b joint    0.6946    0.7957                 FALSE

> cat("\nNPL, each bank excluded:\n"); show(nplt)

NPL, each bank excluded:
 Signal Excluded  N Coef_full p_full Coef_excl  p_excl         H2_test H2_p_full H2_p_excl H2_conclusion_changes
    NPL     CRDB 31   0.06165 0.3898   0.01182 0.75148 H2a: CAR = -NPL    0.1891   0.06881                 FALSE
    NPL      NMB 31   0.06165 0.3898   0.05198 0.32473 H2a: CAR = -NPL    0.1891   0.27083                 FALSE
    NPL      DCB 34   0.06165 0.3898   0.06863 0.44434 H2a: CAR = -NPL    0.1891   0.32233                 FALSE
    NPL Mkombozi 33   0.06165 0.3898   0.17153 0.05291 H2a: CAR = -NPL    0.1891   0.05001                 FALSE
    NPL  Mwalimu 31   0.06165 0.3898   0.14418 0.18712 H2a: CAR = -NPL    0.1891   0.17332                 FALSE

> cat("\n######## R9: Panel-corrected SEs (Beck-Katz, casewise covariance) ########\n")

######## R9: Panel-corrected SEs (Beck-Katz, casewise covariance) ########

> pcse <- function(dd, xv, tests) {
+   dd <- prep(dd)
+   X <- model.matrix(as.formula(paste("~", paste(xv, collapse = " + "), "+ bank_id + year_f")), dd)
+   y <- dd$ln_mtb; XtXi <- solve(crossprod(X)); b <- drop(XtXi %*% crossprod(X, y)); e <- drop(y - X %*% b)
+   E <- tapply(e, list(dd$year, as.character(dd$bank_id)), sum)
+   Ec <- E[complete.cases(E), , drop = FALSE]; Sig <- crossprod(Ec) / nrow(Ec)
+   meat <- matrix(0, ncol(X), ncol(X))
+   for (t in unique(dd$year)) {
+     ix <- which(dd$year == t); bk <- as.character(dd$bank_id[ix])
+     meat <- meat + t(X[ix, , drop = FALSE]) %*% Sig[bk, bk, drop = FALSE] %*% X[ix, , drop = FALSE]
+   }
+   V <- XtXi %*% meat %*% XtXi; se <- sqrt(diag(V))
+   coefs <- data.frame(Term = xv, Coef = b[xv], SE_pcse = se[xv], z = b[xv] / se[xv],
+                       p = 2 * pnorm(-abs(b[xv] / se[xv])), row.names = NULL)
+   tst <- do.call(rbind, lapply(names(tests), function(nm) {
+     R <- Rm(colnames(X), tests[[nm]]); Rb <- R %*% b
+     W <- as.numeric(t(Rb) %*% solve(R %*% V %*% t(R)) %*% Rb)
+     data.frame(Test = nm, chi2 = W, df = nrow(R), p = pchisq(W, nrow(R), lower.tail = FALSE)) }))
+   cat("Common years used for the cross-bank covariance:", rownames(Ec), "\n")
+   list(coefs = coefs, tests = tst)
+ }

> pc3 <- pcse(d, c("Lcar", "Lnpl", "Lroa", "Lroe", "Leps", "Lfull"), list())
Common years used for the cross-bank covariance: 2021 2023 2024 2025 

> pc4 <- pcse(d, c("cw_car", "cw_negnpl", "Lfull"), list("H2a: CAR = -NPL" = H2a))
Common years used for the cross-bank covariance: 2021 2023 2024 2025 

> pc5 <- pcse(d, c("cw_roa", "cw_roe", "cw_eps", "Lfull"), list("H2b joint" = H2b))
Common years used for the cross-bank covariance: 2021 2023 2024 2025 

> pc6 <- pcse(d, c("cwbsi", "cwfpi", "cwfull"), list("H2c joint" = H2c))
Common years used for the cross-bank covariance: 2021 2023 2024 2025 

> cat("\nEq. 3 (PCSE):\n"); show(pc3$coefs)

Eq. 3 (PCSE):
  Term       Coef   SE_pcse       z      p
  Lcar -0.0010832 0.0009089 -1.1918 0.2334
  Lnpl -0.0308680 0.0257619 -1.1982 0.2308
  Lroa -0.0291470 0.0197809 -1.4735 0.1406
  Lroe -0.0108972 0.0110007 -0.9906 0.3219
  Leps -0.0003028 0.0003192 -0.9488 0.3427
 Lfull -0.2417316 0.1946777 -1.2417 0.2143

> pcse_tests <- rbind(pc4$tests, pc5$tests, pc6$tests); cat("\nH2 tests (PCSE):\n"); show(pcse_tests)

H2 tests (PCSE):
            Test  chi2 df       p
 H2a: CAR = -NPL 3.152  1 0.07582
       H2b joint 1.669  2 0.43410
       H2c joint 5.668  2 0.05878

> cat("\n######## R10: CR2 small-sample inference (Satterthwaite t; HTZ Wald) ########\n")

######## R10: CR2 small-sample inference (Satterthwaite t; HTZ Wald) ########

> cr2 <- function(dd, xv, cons) {
+   dd <- prep(dd)
+   m <- lm(as.formula(paste("ln_mtb ~", paste(xv, collapse = " + "), "+ bank_id + year_f")), data = dd)
+   V <- vcovCR(m, cluster = dd$bank_id, type = "CR2")
+   ct <- as.data.frame(coef_test(m, vcov = V, test = "Satterthwaite", coefs = xv))
+   pc <- grep("^p_", names(ct), value = TRUE)[1]; dc <- grep("^df", names(ct), value = TRUE)[1]
+   coefs <- data.frame(Term = xv, Coef = coef(m)[xv], df = ct[[dc]], p_CR2 = ct[[pc]], row.names = NULL)
+   tst <- if (is.null(cons)) NULL else {
+     w <- as.data.frame(Wald_test(m, constraints = constrain_equal(cons), vcov = V, test = "HTZ"))
+     data.frame(Test = paste(cons, collapse = " = "), F = w$Fstat, df_num = w$df_num, df_denom = w$df_denom, p = w$p_val)
+   }
+   list(coefs = coefs, tests = tst)
+ }

> c3 <- cr2(d, c("Lcar", "Lnpl", "Lroa", "Lroe", "Leps", "Lfull"), NULL)

> c4 <- cr2(d, c("cw_car", "cw_negnpl", "Lfull"), c("cw_car", "cw_negnpl"))

> c5 <- cr2(d, c("cw_roa", "cw_roe", "cw_eps", "Lfull"), c("cw_roa", "cw_roe", "cw_eps"))

> c6 <- cr2(d, c("cwbsi", "cwfpi", "cwfull"), c("cwbsi", "cwfpi", "cwfull"))

> cat("\nEq. 3 (CR2):\n"); show(c3$coefs)

Eq. 3 (CR2):
  Term       Coef    df   p_CR2
  Lcar -0.0010832 1.882 0.70687
  Lnpl -0.0308680 3.085 0.04143
  Lroa -0.0291470 2.666 0.52523
  Lroe -0.0108972 2.264 0.19898
  Leps -0.0003028 2.074 0.61324
 Lfull -0.2417316 3.291 0.37860

> cr2_tests <- rbind(c4$tests, c5$tests, c6$tests); cat("\nH2 tests (CR2/HTZ):\n"); show(cr2_tests)

H2 tests (CR2/HTZ):
                     Test      F df_num df_denom      p
       cw_car = cw_negnpl 1.2829      1    2.373 0.3588
 cw_roa = cw_roe = cw_eps 0.5327      2    1.415 0.6723
   cwbsi = cwfpi = cwfull 3.1346      2    2.413 0.2133

> # --- Save ---
> allres <- do.call(rbind, res[c("main", "size", "ldr", "resid", "wins", "stale", "aug", "lobo")])

> write.csv(allres, "output/tables/T5_robustness_bootstrap.csv", row.names = FALSE)

> write.csv(rbind(domtab, nplt), "output/tables/T6_dominant_bank_exclusions.csv", row.names = FALSE)

> write.csv(rbind(cbind(Spec = "Eq3", pc3$coefs)), "output/tables/T7a_pcse_eq3.csv", row.names = FALSE)

> write.csv(pcse_tests, "output/tables/T7b_pcse_H2.csv", row.names = FALSE)

> write.csv(c3$coefs, "output/tables/T8a_cr2_eq3.csv", row.names = FALSE)

> write.csv(cr2_tests, "output/tables/T8b_cr2_H2.csv", row.names = FALSE)

> cat("Run finished:", format(Sys.time(), "%Y-%m-%d %H:%M:%S"), "\n")
Run finished: 2026-10-05 22:09:45 

> sink()
