
> cat("Run started:", format(Sys.time(), "%Y-%m-%d %H:%M:%S"), "\n")
Run started: 2026-10-06 11:07:01 

> library(digest); library(fixest); library(MASS)

> source("R/wcb_functions.R")

> stopifnot(digest(file = "data/derived/panel_analysis.csv", algo = "sha256") ==
+             "de5b2268e868832710b01c711ae081dc3248d933feab3fef31f9c224f40ec1f6")

> p <- readRDS("data/derived/panel_analysis.rds")

> d <- p[p$core, ]; d <- d[order(d$bank_id, d$year), ]

> d$bank_id <- factor(d$bank_id); d$year_f <- factor(d$year)

> NSIM <- 300; BSIM <- 399; GS <- c(5, 10, 15, 20, 25); LAMS <- c(0, 1)

> fml <- function(y, x) as.formula(paste(y, "~", paste(x, collapse = " + "), "+ year_f | bank_id"))

> clw <- function(m, rows, G) {
+   R <- Rm(names(coef(m)), rows); b <- coef(m); V <- vcov(m); q <- nrow(R); Rb <- R %*% b
+   pf(as.numeric(t(Rb) %*% solve(R %*% V %*% t(R)) %*% Rb) / q, q, G - 1, lower.tail = FALSE)
+ }

> tests <- list(
+   H2a = list(x = c("cw_car", "cw_negnpl"), rows = list(c(cw_car = 1, cw_negnpl = -1)), ctrl = "Lfull"),
+   H2b = list(x = c("cw_roa", "cw_roe", "cw_eps"),
+              rows = list(c(cw_roa = 1, cw_roe = -1), c(cw_roa = 1, cw_eps = -1)), ctrl = "Lfull"),
+   H2c = list(x = c("cwbsi", "cwfpi", "cwfull"),
+              rows = list(c(cwbsi = 1, cwfpi = -1), c(cwbsi = 1, cwfull = -1)), ctrl = NULL))

> # DGP parameters from the final models
> par <- lapply(tests, function(tt) {
+   m <- feols(fml("ln_mtb", c(tt$x, tt$ctrl)), data = d, cluster = ~bank_id)
+   b <- coef(m)[tt$x]
+   list(b = b, bbar = mean(b), sdb = sapply(split(resid(m), d$bank_id), sd))
+ })

> cat("\nDGP coefficients (per common within-bank SD):\n"); print(lapply(par, `[[`, "b"))

DGP coefficients (per common within-bank SD):
$H2a
     cw_car   cw_negnpl 
-0.08997827  0.06164897 

$H2b
     cw_roa      cw_roe      cw_eps 
-0.15314981 -0.05124159 -0.09458780 

$H2c
      cwbsi       cwfpi      cwfull 
 0.03279071 -0.26044714 -0.07050785 


> sigs <- c("cw_car", "cw_negnpl", "cw_roa", "cw_roe", "cw_eps", "cw_full")

> Rcor <- cor(d[, sigs])                       # within-bank correlations (signals are bank-demeaned)

> cat("\nWithin-bank signal correlations used in the Even scenario:\n"); print(round(Rcor, 3))

Within-bank signal correlations used in the Even scenario:
          cw_car cw_negnpl cw_roa cw_roe cw_eps cw_full
cw_car     1.000     0.109 -0.008  0.064  0.040   0.208
cw_negnpl  0.109     1.000  0.254  0.619  0.435   0.219
cw_roa    -0.008     0.254  1.000  0.711  0.330  -0.234
cw_roe     0.064     0.619  0.711  1.000  0.585  -0.129
cw_eps     0.040     0.435  0.330  0.585  1.000  -0.045
cw_full    0.208     0.219 -0.234 -0.129 -0.045   1.000

> addcomp <- function(s) {
+   b <- (s$cw_car + s$cw_negnpl) / 2; f <- (s$cw_roa + s$cw_roe + s$cw_eps) / 3
+   s$cwbsi <- b / sd(b); s$cwfpi <- f / sd(f); s$cwfull <- s$cw_full; s
+ }

> # Resampled: the 5 actual banks plus (G - 5) banks drawn from their observed trajectories
> gen_resampled <- function(G) {
+   src <- c(levels(d$bank_id), sample(levels(d$bank_id), G - 5, replace = TRUE))
+   s <- do.call(rbind, lapply(seq_along(src), function(k) {
+     x <- d[d$bank_id == src[k], c("year", sigs, "cwbsi", "cwfpi", "cwfull")]
+     x$src <- src[k]; x$bank_id <- k; x }))
+   s$bank_id <- factor(s$bank_id); s$year_f <- factor(s$year); s
+ }

> # Even: every bank has its own variation (9 years), observed within-bank correlations
> gen_even <- function(G, Tn = 9) {
+   s <- data.frame(bank_id = factor(rep(seq_len(G), each = Tn)), year = rep(2016 + seq_len(Tn), G))
+   Z <- mvrnorm(nrow(s), rep(0, length(sigs)), Rcor); colnames(Z) <- sigs
+   for (v in sigs) { z <- Z[, v] - ave(Z[, v], s$bank_id); s[[v]] <- z / sd(z) }
+   s$year_f <- factor(s$year); addcomp(s)
+ }

> set.seed(20261004)

> out <- list()

> for (sc in c("Resampled", "Even")) for (G in GS) for (h in names(tests)) for (lam in LAMS) {
+   tt <- tests[[h]]; pr <- par[[h]]; pw <- pc <- numeric(NSIM)
+   for (r in seq_len(NSIM)) {
+     s <- if (sc == "Resampled") gen_resampled(G) else gen_even(G)
+     X <- as.matrix(s[, tt$x])
+     mu <- drop(X %*% (pr$bbar + lam * (pr$b - pr$bbar)))
+     sde <- if (sc == "Resampled") pr$sdb[s$src] else sample(pr$sdb, G, replace = TRUE)[as.integer(s$bank_id)]
+     s$y <- as.numeric(mu + as.numeric(sde) * rnorm(nrow(s)))
+     m <- feols(fml("y", tt$x), data = s, cluster = ~bank_id)
+     pw[r] <- wcb_test(m, s, tt$rows, B = BSIM, seed = NULL, depvar = "y")["p"]
+     pc[r] <- clw(m, tt$rows, G)
+   }
+   out[[length(out) + 1]] <- data.frame(Scenario = sc, Banks = G, Test = h, Lambda = lam,
+                                        Reject_WCB_05 = mean(pw < .05), Reject_cluster_05 = mean(pc < .05),
+                                        MC_SE = sqrt(mean(pw < .05) * (1 - mean(pw < .05)) / NSIM), Sims = NSIM)
+   cat(sprintf("%-9s G=%2d %s lambda=%d: WCB %.3f | clustered %.3f   (%s)\n",
+               sc, G, h, lam, mean(pw < .05), mean(pc < .05), format(Sys.time(), "%H:%M:%S")))
+ }
Resampled G= 5 H2a lambda=0: WCB 0.073 | clustered 0.113   (11:07:10)
Resampled G= 5 H2a lambda=1: WCB 0.257 | clustered 0.427   (11:07:17)
Resampled G= 5 H2b lambda=0: WCB 0.023 | clustered 0.360   (11:07:26)
Resampled G= 5 H2b lambda=1: WCB 0.023 | clustered 0.553   (11:07:34)
Resampled G= 5 H2c lambda=0: WCB 0.077 | clustered 0.127   (11:07:42)
Resampled G= 5 H2c lambda=1: WCB 0.407 | clustered 0.660   (11:07:50)
Resampled G=10 H2a lambda=0: WCB 0.060 | clustered 0.100   (11:07:59)
Resampled G=10 H2a lambda=1: WCB 0.520 | clustered 0.743   (11:08:08)
Resampled G=10 H2b lambda=0: WCB 0.043 | clustered 0.257   (11:08:17)
Resampled G=10 H2b lambda=1: WCB 0.153 | clustered 0.543   (11:08:26)
Resampled G=10 H2c lambda=0: WCB 0.057 | clustered 0.080   (11:08:35)
Resampled G=10 H2c lambda=1: WCB 0.773 | clustered 0.890   (11:08:44)
Resampled G=15 H2a lambda=0: WCB 0.047 | clustered 0.060   (11:08:54)
Resampled G=15 H2a lambda=1: WCB 0.750 | clustered 0.857   (11:09:04)
Resampled G=15 H2b lambda=0: WCB 0.053 | clustered 0.210   (11:09:14)
Resampled G=15 H2b lambda=1: WCB 0.247 | clustered 0.587   (11:09:24)
Resampled G=15 H2c lambda=0: WCB 0.060 | clustered 0.083   (11:09:34)
Resampled G=15 H2c lambda=1: WCB 0.973 | clustered 0.987   (11:09:44)
Resampled G=20 H2a lambda=0: WCB 0.047 | clustered 0.057   (11:09:55)
Resampled G=20 H2a lambda=1: WCB 0.890 | clustered 0.920   (11:10:05)
Resampled G=20 H2b lambda=0: WCB 0.063 | clustered 0.160   (11:10:17)
Resampled G=20 H2b lambda=1: WCB 0.373 | clustered 0.593   (11:10:28)
Resampled G=20 H2c lambda=0: WCB 0.043 | clustered 0.047   (11:10:39)
Resampled G=20 H2c lambda=1: WCB 1.000 | clustered 1.000   (11:10:50)
Resampled G=25 H2a lambda=0: WCB 0.073 | clustered 0.087   (11:11:02)
Resampled G=25 H2a lambda=1: WCB 0.950 | clustered 0.963   (11:11:14)
Resampled G=25 H2b lambda=0: WCB 0.090 | clustered 0.153   (11:11:26)
Resampled G=25 H2b lambda=1: WCB 0.463 | clustered 0.680   (11:11:39)
Resampled G=25 H2c lambda=0: WCB 0.053 | clustered 0.053   (11:11:52)
Resampled G=25 H2c lambda=1: WCB 1.000 | clustered 1.000   (11:12:05)
Even      G= 5 H2a lambda=0: WCB 0.053 | clustered 0.057   (11:12:13)
Even      G= 5 H2a lambda=1: WCB 0.467 | clustered 0.560   (11:12:21)
Even      G= 5 H2b lambda=0: WCB 0.073 | clustered 0.123   (11:12:29)
Even      G= 5 H2b lambda=1: WCB 0.113 | clustered 0.203   (11:12:37)
Even      G= 5 H2c lambda=0: WCB 0.053 | clustered 0.120   (11:12:45)
Even      G= 5 H2c lambda=1: WCB 0.607 | clustered 0.877   (11:12:53)
Even      G=10 H2a lambda=0: WCB 0.057 | clustered 0.050   (11:13:02)
Even      G=10 H2a lambda=1: WCB 0.867 | clustered 0.890   (11:13:14)
Even      G=10 H2b lambda=0: WCB 0.060 | clustered 0.097   (11:13:29)
Even      G=10 H2b lambda=1: WCB 0.233 | clustered 0.283   (11:13:44)
Even      G=10 H2c lambda=0: WCB 0.047 | clustered 0.063   (11:13:57)
Even      G=10 H2c lambda=1: WCB 0.983 | clustered 1.000   (11:14:07)
Even      G=15 H2a lambda=0: WCB 0.050 | clustered 0.050   (11:14:19)
Even      G=15 H2a lambda=1: WCB 0.973 | clustered 0.977   (11:14:31)
Even      G=15 H2b lambda=0: WCB 0.050 | clustered 0.060   (11:14:46)
Even      G=15 H2b lambda=1: WCB 0.383 | clustered 0.433   (11:15:00)
Even      G=15 H2c lambda=0: WCB 0.070 | clustered 0.080   (11:15:14)
Even      G=15 H2c lambda=1: WCB 1.000 | clustered 1.000   (11:15:28)
Even      G=20 H2a lambda=0: WCB 0.043 | clustered 0.047   (11:15:42)
Even      G=20 H2a lambda=1: WCB 0.993 | clustered 0.993   (11:15:55)
Even      G=20 H2b lambda=0: WCB 0.043 | clustered 0.057   (11:16:08)
Even      G=20 H2b lambda=1: WCB 0.487 | clustered 0.513   (11:16:24)
Even      G=20 H2c lambda=0: WCB 0.050 | clustered 0.060   (11:16:38)
Even      G=20 H2c lambda=1: WCB 1.000 | clustered 1.000   (11:16:53)
Even      G=25 H2a lambda=0: WCB 0.043 | clustered 0.033   (11:17:07)
Even      G=25 H2a lambda=1: WCB 1.000 | clustered 1.000   (11:17:22)
Even      G=25 H2b lambda=0: WCB 0.063 | clustered 0.053   (11:17:38)
Even      G=25 H2b lambda=1: WCB 0.623 | clustered 0.637   (11:17:54)
Even      G=25 H2c lambda=0: WCB 0.067 | clustered 0.073   (11:18:10)
Even      G=25 H2c lambda=1: WCB 1.000 | clustered 1.000   (11:18:26)

> res <- do.call(rbind, out)

> write.csv(res, "output/exploratory/design_simulation.csv", row.names = FALSE)

> cat("\n=== Size (lambda = 0): WCB rejection rate at 5% ===\n")

=== Size (lambda = 0): WCB rejection rate at 5% ===

> print(xtabs(Reject_WCB_05 ~ Scenario + Test + Banks, data = res[res$Lambda == 0, ]))
, , Banks = 5

           Test
Scenario           H2a        H2b        H2c
  Even      0.05333333 0.07333333 0.05333333
  Resampled 0.07333333 0.02333333 0.07666667

, , Banks = 10

           Test
Scenario           H2a        H2b        H2c
  Even      0.05666667 0.06000000 0.04666667
  Resampled 0.06000000 0.04333333 0.05666667

, , Banks = 15

           Test
Scenario           H2a        H2b        H2c
  Even      0.05000000 0.05000000 0.07000000
  Resampled 0.04666667 0.05333333 0.06000000

, , Banks = 20

           Test
Scenario           H2a        H2b        H2c
  Even      0.04333333 0.04333333 0.05000000
  Resampled 0.04666667 0.06333333 0.04333333

, , Banks = 25

           Test
Scenario           H2a        H2b        H2c
  Even      0.04333333 0.06333333 0.06666667
  Resampled 0.07333333 0.09000000 0.05333333


> cat("\n=== Power (lambda = 1, differences as estimated): WCB rejection rate at 5% ===\n")

=== Power (lambda = 1, differences as estimated): WCB rejection rate at 5% ===

> print(xtabs(Reject_WCB_05 ~ Scenario + Test + Banks, data = res[res$Lambda == 1, ]))
, , Banks = 5

           Test
Scenario           H2a        H2b        H2c
  Even      0.46666667 0.11333333 0.60666667
  Resampled 0.25666667 0.02333333 0.40666667

, , Banks = 10

           Test
Scenario           H2a        H2b        H2c
  Even      0.86666667 0.23333333 0.98333333
  Resampled 0.52000000 0.15333333 0.77333333

, , Banks = 15

           Test
Scenario           H2a        H2b        H2c
  Even      0.97333333 0.38333333 1.00000000
  Resampled 0.75000000 0.24666667 0.97333333

, , Banks = 20

           Test
Scenario           H2a        H2b        H2c
  Even      0.99333333 0.48666667 1.00000000
  Resampled 0.89000000 0.37333333 1.00000000

, , Banks = 25

           Test
Scenario           H2a        H2b        H2c
  Even      1.00000000 0.62333333 1.00000000
  Resampled 0.95000000 0.46333333 1.00000000


> cat("Run finished:", format(Sys.time(), "%Y-%m-%d %H:%M:%S"), "\n")
Run finished: 2026-10-06 11:18:26 

> sink()
